#
# There is insufficient memory for the Java Runtime Environment to continue.
# Native memory allocation (malloc) failed to allocate 173712 bytes. Error detail: Chunk::new
# Possible reasons:
#   The system is out of physical RAM or swap space
#   This process is running with CompressedOops enabled, and the Java Heap may be blocking the growth of the native heap
# Possible solutions:
#   Reduce memory load on the system
#   Increase physical memory or swap space
#   Check if swap backing store is full
#   Decrease Java heap size (-Xmx/-Xms)
#   Decrease number of Java threads
#   Decrease Java thread stack sizes (-Xss)
#   Set larger code cache with -XX:ReservedCodeCacheSize=
#   JVM is running with Unscaled Compressed Oops mode in which the Java heap is
#     placed in the first 4GB address space. The Java Heap base address is the
#     maximum limit for the native heap growth. Please use -XX:HeapBaseMinAddress
#     to set the Java Heap base and to place the Java Heap above 4GB virtual address.
# This output file may be truncated or incomplete.
#
#  Out of Memory Error (arena.cpp:168), pid=31840, tid=32332
#
# JRE version: OpenJDK Runtime Environment Temurin-21.0.10+7 (21.0.10+7) (build 21.0.10+7-LTS)
# Java VM: OpenJDK 64-Bit Server VM Temurin-21.0.10+7 (21.0.10+7-LTS, mixed mode, sharing, tiered, compressed oops, compressed class ptrs, parallel gc, windows-amd64)
# No core dump will be written. Minidumps are not enabled by default on client versions of Windows
#

---------------  S U M M A R Y ------------

Command Line: --add-modules=ALL-SYSTEM --add-opens=java.base/java.util=ALL-UNNAMED --add-opens=java.base/java.lang=ALL-UNNAMED --add-opens=java.base/sun.nio.fs=ALL-UNNAMED -Declipse.application=org.eclipse.jdt.ls.core.id1 -Dosgi.bundles.defaultStartLevel=4 -Declipse.product=org.eclipse.jdt.ls.core.product -Djava.import.generatesMetadataFilesAtProjectRoot=false -DDetectVMInstallationsJob.disabled=true -Dfile.encoding=utf8 -XX:+UseParallelGC -XX:GCTimeRatio=4 -XX:AdaptiveSizePolicyWeight=90 -Dsun.zip.disableMemoryMapping=true -Xmx2G -Xms100m -Xlog:disable -javaagent:c:\Users\navee\.vscode\extensions\redhat.java-1.54.0-win32-x64\lombok\lombok-1.18.39-4050.jar c:\Users\navee\.vscode\extensions\redhat.java-1.54.0-win32-x64\server\plugins\org.eclipse.equinox.launcher_1.7.100.v20251111-0406.jar -configuration c:\Users\navee\AppData\Roaming\Code\User\globalStorage\redhat.java\1.54.0\config_ss_win -data c:\Users\navee\AppData\Roaming\Code\User\workspaceStorage\2b67f61195c9dd9014b9c22de8bfdfcd\redhat.java\ss_ws --pipe=\\.\pipe\lsp-ed5d2077eb4b716e558b8f3770eeb205-sock

Host: 13th Gen Intel(R) Core(TM) i5-13450HX, 16 cores, 7G,  Windows 11 , 64 bit Build 26100 (10.0.26100.7920)
Time: Wed May 13 17:58:23 2026 India Standard Time elapsed time: 3.503969 seconds (0d 0h 0m 3s)

---------------  T H R E A D  ---------------

Current thread (0x0000027ecd4d9590):  JavaThread "C2 CompilerThread0" daemon [_thread_in_native, id=32332, stack(0x000000eee7400000,0x000000eee7500000) (1024K)]


Current CompileTask:
C2:3504 1097   !   4       java.util.jar.Attributes::read (494 bytes)

Stack: [0x000000eee7400000,0x000000eee7500000]
Native frames: (J=compiled Java code, j=interpreted, Vv=VM code, C=native code)
V  [jvm.dll+0x6d7a39]
V  [jvm.dll+0x8b4b26]
V  [jvm.dll+0x8b70de]
V  [jvm.dll+0x8b77c3]
V  [jvm.dll+0x284346]
V  [jvm.dll+0xc66ed]
V  [jvm.dll+0xc6c31]
V  [jvm.dll+0x14214f]
V  [jvm.dll+0x666573]
V  [jvm.dll+0x664a7b]
V  [jvm.dll+0x24c3db]
V  [jvm.dll+0x24bb40]
V  [jvm.dll+0x1cb34e]
V  [jvm.dll+0x25b85d]
V  [jvm.dll+0x259dea]
V  [jvm.dll+0x3f857e]
V  [jvm.dll+0x85f59d]
V  [jvm.dll+0x6d626d]
C  [ucrtbase.dll+0x37b0]
C  [KERNEL32.DLL+0x2e8d7]
C  [ntdll.dll+0x8c48c]


---------------  P R O C E S S  ---------------

Threads class SMR info:
_java_thread_list=0x0000027eeb6b7830, length=14, elements={
0x0000027ecd41cae0, 0x0000027ecd3ce310, 0x0000027ecd4c21f0, 0x0000027ecd4c7c20,
0x0000027ecd4cab20, 0x0000027ecd4cb800, 0x0000027ecd4d8030, 0x0000027ecd4d9590,
0x0000027ee51ac860, 0x0000027ee524dd10, 0x0000027ee5418ee0, 0x0000027eeb083050,
0x0000027eeb03fab0, 0x0000027eeb04d200
}

Java Threads: ( => current thread )
  0x0000027ecd41cae0 JavaThread "main"                              [_thread_in_vm, id=19796, stack(0x000000eee6a00000,0x000000eee6b00000) (1024K)]
  0x0000027ecd3ce310 JavaThread "Reference Handler"          daemon [_thread_blocked, id=42736, stack(0x000000eee6e00000,0x000000eee6f00000) (1024K)]
  0x0000027ecd4c21f0 JavaThread "Finalizer"                  daemon [_thread_blocked, id=30376, stack(0x000000eee6f00000,0x000000eee7000000) (1024K)]
  0x0000027ecd4c7c20 JavaThread "Signal Dispatcher"          daemon [_thread_blocked, id=37444, stack(0x000000eee7000000,0x000000eee7100000) (1024K)]
  0x0000027ecd4cab20 JavaThread "Attach Listener"            daemon [_thread_blocked, id=25812, stack(0x000000eee7100000,0x000000eee7200000) (1024K)]
  0x0000027ecd4cb800 JavaThread "Service Thread"             daemon [_thread_blocked, id=13556, stack(0x000000eee7200000,0x000000eee7300000) (1024K)]
  0x0000027ecd4d8030 JavaThread "Monitor Deflation Thread"   daemon [_thread_blocked, id=17128, stack(0x000000eee7300000,0x000000eee7400000) (1024K)]
=>0x0000027ecd4d9590 JavaThread "C2 CompilerThread0"         daemon [_thread_in_native, id=32332, stack(0x000000eee7400000,0x000000eee7500000) (1024K)]
  0x0000027ee51ac860 JavaThread "C1 CompilerThread0"         daemon [_thread_blocked, id=10716, stack(0x000000eee7500000,0x000000eee7600000) (1024K)]
  0x0000027ee524dd10 JavaThread "C1 CompilerThread1"         daemon [_thread_blocked, id=45460, stack(0x000000eee7600000,0x000000eee7700000) (1024K)]
  0x0000027ee5418ee0 JavaThread "Common-Cleaner"             daemon [_thread_blocked, id=29984, stack(0x000000eee7800000,0x000000eee7900000) (1024K)]
  0x0000027eeb083050 JavaThread "Notification Thread"        daemon [_thread_blocked, id=24272, stack(0x000000eee7b00000,0x000000eee7c00000) (1024K)]
  0x0000027eeb03fab0 JavaThread "C2 CompilerThread1"         daemon [_thread_blocked, id=13656, stack(0x000000eee7700000,0x000000eee7800000) (1024K)]
  0x0000027eeb04d200 JavaThread "C1 CompilerThread2"         daemon [_thread_in_native, id=35656, stack(0x000000eee7900000,0x000000eee7a00000) (1024K)]
Total: 14

Other Threads:
  0x0000027ecd3b4870 VMThread "VM Thread"                           [id=30884, stack(0x000000eee6d00000,0x000000eee6e00000) (1024K)]
  0x0000027ecd2aca00 WatcherThread "VM Periodic Task Thread"        [id=15596, stack(0x000000eee6c00000,0x000000eee6d00000) (1024K)]
  0x0000027ecd43b5c0 WorkerThread "GC Thread#0"                     [id=33368, stack(0x000000eee6b00000,0x000000eee6c00000) (1024K)]
  0x0000027eeb686080 WorkerThread "GC Thread#1"                     [id=43988, stack(0x000000eee7c00000,0x000000eee7d00000) (1024K)]
  0x0000027eeb686430 WorkerThread "GC Thread#2"                     [id=30048, stack(0x000000eee7d00000,0x000000eee7e00000) (1024K)]
  0x0000027eeb6867e0 WorkerThread "GC Thread#3"                     [id=13340, stack(0x000000eee7e00000,0x000000eee7f00000) (1024K)]
  0x0000027eeb686b90 WorkerThread "GC Thread#4"                     [id=46904, stack(0x000000eee7f00000,0x000000eee8000000) (1024K)]
  0x0000027eeb0a2600 WorkerThread "GC Thread#5"                     [id=16676, stack(0x000000eee8000000,0x000000eee8100000) (1024K)]
  0x0000027eeb0a29b0 WorkerThread "GC Thread#6"                     [id=6696, stack(0x000000eee8100000,0x000000eee8200000) (1024K)]
Total: 9

Threads with active compile tasks:
C2 CompilerThread0  3526 1097   !   4       java.util.jar.Attributes::read (494 bytes)
C1 CompilerThread0  3526 1171  s    3       jdk.internal.perf.PerfCounter::add (18 bytes)
C1 CompilerThread1  3526 1170       3       java.util.zip.ZipFile$Source::getEntryPos (164 bytes)
C1 CompilerThread2  3527 1173   !   3       java.nio.DirectLongBufferU::get (36 bytes)
Total: 4

VM state: not at safepoint (normal execution)

VM Mutex/Monitor currently owned by a thread:  ([mutex/lock_event])
[0x00007ffd5bd9d060] MethodCompileQueue_lock - owner thread: 0x0000000000000000

Heap address: 0x0000000080000000, size: 2048 MB, Compressed Oops mode: 32-bit

CDS archive(s) mapped at: [0x0000027e80000000-0x0000027e80ba0000-0x0000027e80ba0000), size 12189696, SharedBaseAddress: 0x0000027e80000000, ArchiveRelocationMode: 1.
Compressed class space mapped at: 0x0000027e81000000-0x0000027ec1000000, reserved size: 1073741824
Narrow klass base: 0x0000027e80000000, Narrow klass shift: 0, Narrow klass range: 0x100000000

GC Precious Log:
 CardTable entry size: 512
 CPUs: 16 total, 16 available
 Memory: 7876M
 Large Page Support: Disabled
 NUMA Support: Disabled
 Compressed Oops: Enabled (32-bit)
 Alignments: Space 512K, Generation 512K, Heap 2M
 Heap Min Capacity: 100M
 Heap Initial Capacity: 100M
 Heap Max Capacity: 2G
 Pre-touch: Disabled
 Parallel Workers: 13

Heap:
 PSYoungGen      total 29696K, used 6989K [0x00000000d5580000, 0x00000000d7680000, 0x0000000100000000)
  eden space 25600K, 14% used [0x00000000d5580000,0x00000000d59250a8,0x00000000d6e80000)
  from space 4096K, 79% used [0x00000000d6e80000,0x00000000d71ae6e0,0x00000000d7280000)
  to   space 4096K, 0% used [0x00000000d7280000,0x00000000d7280000,0x00000000d7680000)
 ParOldGen       total 68608K, used 16K [0x0000000080000000, 0x0000000084300000, 0x00000000d5580000)
  object space 68608K, 0% used [0x0000000080000000,0x0000000080004000,0x0000000084300000)
 Metaspace       used 4546K, committed 4864K, reserved 1114112K
  class space    used 486K, committed 640K, reserved 1048576K

Card table byte_map: [0x0000027eccdc0000,0x0000027ecd1d0000] _byte_map_base: 0x0000027ecc9c0000

Marking Bits: (ParMarkBitMap*) 0x00007ffd5bda3450
 Begin Bits: [0x0000027edf8d0000, 0x0000027ee18d0000)
 End Bits:   [0x0000027ee18d0000, 0x0000027ee38d0000)

Polling page: 0x0000027ecb010000

Metaspace:

Usage:
  Non-class:      3.97 MB used.
      Class:    487.84 KB used.
       Both:      4.44 MB used.

Virtual space:
  Non-class space:       64.00 MB reserved,       4.12 MB (  6%) committed,  1 nodes.
      Class space:        1.00 GB reserved,     640.00 KB ( <1%) committed,  1 nodes.
             Both:        1.06 GB reserved,       4.75 MB ( <1%) committed. 

Chunk freelists:
   Non-Class:  11.03 MB
       Class:  15.42 MB
        Both:  26.45 MB

MaxMetaspaceSize: unlimited
CompressedClassSpaceSize: 1.00 GB
Initial GC threshold: 21.00 MB
Current GC threshold: 21.00 MB
CDS: on
 - commit_granule_bytes: 65536.
 - commit_granule_words: 8192.
 - virtual_space_node_default_size: 8388608.
 - enlarge_chunks_in_place: 1.
 - use_allocation_guard: 0.


Internal statistics:

num_allocs_failed_limit: 0.
num_arena_births: 184.
num_arena_deaths: 0.
num_vsnodes_births: 2.
num_vsnodes_deaths: 0.
num_space_committed: 76.
num_space_uncommitted: 0.
num_chunks_returned_to_freelist: 0.
num_chunks_taken_from_freelist: 257.
num_chunk_merges: 0.
num_chunk_splits: 165.
num_chunks_enlarged: 95.
num_inconsistent_stats: 0.

CodeHeap 'non-profiled nmethods': size=119168Kb used=437Kb max_used=437Kb free=118730Kb
 bounds [0x0000027ed81c0000, 0x0000027ed8430000, 0x0000027edf620000]
CodeHeap 'profiled nmethods': size=119104Kb used=1910Kb max_used=1910Kb free=117193Kb
 bounds [0x0000027ed0620000, 0x0000027ed0890000, 0x0000027ed7a70000]
CodeHeap 'non-nmethods': size=7488Kb used=2321Kb max_used=2900Kb free=5166Kb
 bounds [0x0000027ed7a70000, 0x0000027ed7dd0000, 0x0000027ed81c0000]
CodeCache: size=245760Kb, used=4668Kb, max_used=5247Kb, free=241089Kb
 total_blobs=1632, nmethods=1175, adapters=362, full_count=0
Compilation: enabled, stopped_count=0, restarted_count=0

Compilation events (20 events):
Event: 1.471 Thread 0x0000027ee51ac860 1138       3       java.util.AbstractCollection::addAll (42 bytes)
Event: 1.471 Thread 0x0000027ee51ac860 nmethod 1138 0x0000027ed07e7810 code [0x0000027ed07e7a00, 0x0000027ed07e7f20]
Event: 1.471 Thread 0x0000027ee51ac860 1139       3       java.lang.StringLatin1::inflate (34 bytes)
Event: 1.471 Thread 0x0000027ee51ac860 nmethod 1139 0x0000027ed07e8090 code [0x0000027ed07e8240, 0x0000027ed07e8440]
Event: 1.472 Thread 0x0000027eeb04d200 1140   !   3       jdk.internal.loader.BuiltinClassLoader::loadClassOrNull (143 bytes)
Event: 1.473 Thread 0x0000027ee524dd10 1141       3       java.lang.Object::toString (36 bytes)
Event: 1.473 Thread 0x0000027eeb04d200 nmethod 1140 0x0000027ed07e8590 code [0x0000027ed07e8860, 0x0000027ed07e9780]
Event: 1.473 Thread 0x0000027eeb04d200 1142       1       java.lang.Boolean::booleanValue (5 bytes)
Event: 1.473 Thread 0x0000027ee524dd10 nmethod 1141 0x0000027ed07e9e10 code [0x0000027ed07ea080, 0x0000027ed07ea868]
Event: 1.473 Thread 0x0000027eeb04d200 nmethod 1142 0x0000027ed8229f10 code [0x0000027ed822a0a0, 0x0000027ed822a170]
Event: 1.473 Thread 0x0000027eeb04d200 1143       3       java.util.ArrayDeque::elementAt (4 bytes)
Event: 1.473 Thread 0x0000027eeb04d200 nmethod 1143 0x0000027ed07eab90 code [0x0000027ed07ead20, 0x0000027ed07eae38]
Event: 1.474 Thread 0x0000027eeb04d200 1144       3       jdk.internal.loader.BuiltinClassLoader::loadClass (22 bytes)
Event: 1.474 Thread 0x0000027eeb04d200 nmethod 1144 0x0000027ed07eaf10 code [0x0000027ed07eb0e0, 0x0000027ed07eb398]
Event: 1.474 Thread 0x0000027eeb03fab0 

Event: 1.474 Thread 0x0000027eeb03fab0 

Event: 1.475 Thread 0x0000027eeb03fab0 

Event: 1.475 Thread 0x0000027eeb03fab0 1122       4       java.util.jar.Manifest$FastInputStream::readLine (296 bytes)
Event: 1.475 Thread 0x0000027eeb04d200 1145       3       java.util.ArrayDeque::pollFirst (36 bytes)
Event: 1.475 Thread 0x0000027eeb04d200 nmethod 1145 0x0000027ed07eb490 code [0x0000027ed07eb660, 0x0000027ed07eba10]

GC Heap History (2 events):
Event: 1.457 GC heap before
{Heap before GC invocations=1 (full 0):
 PSYoungGen      total 29696K, used 25600K [0x00000000d5580000, 0x00000000d7680000, 0x0000000100000000)
  eden space 25600K, 100% used [0x00000000d5580000,0x00000000d6e80000,0x00000000d6e80000)
  from space 4096K, 0% used [0x00000000d7280000,0x00000000d7280000,0x00000000d7680000)
  to   space 4096K, 0% used [0x00000000d6e80000,0x00000000d6e80000,0x00000000d7280000)
 ParOldGen       total 68608K, used 0K [0x0000000080000000, 0x0000000084300000, 0x00000000d5580000)
  object space 68608K, 0% used [0x0000000080000000,0x0000000080000000,0x0000000084300000)
 Metaspace       used 4142K, committed 4416K, reserved 1114112K
  class space    used 453K, committed 576K, reserved 1048576K
}
Event: 1.460 GC heap after
{Heap after GC invocations=1 (full 0):
 PSYoungGen      total 29696K, used 3257K [0x00000000d5580000, 0x00000000d7680000, 0x0000000100000000)
  eden space 25600K, 0% used [0x00000000d5580000,0x00000000d5580000,0x00000000d6e80000)
  from space 4096K, 79% used [0x00000000d6e80000,0x00000000d71ae6e0,0x00000000d7280000)
  to   space 4096K, 0% used [0x00000000d7280000,0x00000000d7280000,0x00000000d7680000)
 ParOldGen       total 68608K, used 16K [0x0000000080000000, 0x0000000084300000, 0x00000000d5580000)
  object space 68608K, 0% used [0x0000000080000000,0x0000000080004000,0x0000000084300000)
 Metaspace       used 4142K, committed 4416K, reserved 1114112K
  class space    used 453K, committed 576K, reserved 1048576K
}

Dll operation events (8 events):
Event: 0.007 Loaded shared library c:\Users\navee\.vscode\extensions\redhat.java-1.54.0-win32-x64\jre\21.0.10-win32-x86_64\bin\java.dll
Event: 0.046 Loaded shared library c:\Users\navee\.vscode\extensions\redhat.java-1.54.0-win32-x64\jre\21.0.10-win32-x86_64\bin\zip.dll
Event: 0.060 Loaded shared library C:\Users\navee\.vscode\extensions\redhat.java-1.54.0-win32-x64\jre\21.0.10-win32-x86_64\bin\instrument.dll
Event: 0.065 Loaded shared library C:\Users\navee\.vscode\extensions\redhat.java-1.54.0-win32-x64\jre\21.0.10-win32-x86_64\bin\net.dll
Event: 0.067 Loaded shared library C:\Users\navee\.vscode\extensions\redhat.java-1.54.0-win32-x64\jre\21.0.10-win32-x86_64\bin\nio.dll
Event: 0.069 Loaded shared library C:\Users\navee\.vscode\extensions\redhat.java-1.54.0-win32-x64\jre\21.0.10-win32-x86_64\bin\zip.dll
Event: 0.080 Loaded shared library C:\Users\navee\.vscode\extensions\redhat.java-1.54.0-win32-x64\jre\21.0.10-win32-x86_64\bin\jimage.dll
Event: 0.127 Loaded shared library c:\Users\navee\.vscode\extensions\redhat.java-1.54.0-win32-x64\jre\21.0.10-win32-x86_64\bin\verify.dll

Deoptimization events (20 events):
Event: 1.462 Thread 0x0000027ecd41cae0 DEOPT PACKING pc=0x0000027ed07ab8b1 sp=0x000000eee6afe370
Event: 1.462 Thread 0x0000027ecd41cae0 DEOPT UNPACKING pc=0x0000027ed7ac4242 sp=0x000000eee6afd7e8 mode 0
Event: 1.462 Thread 0x0000027ecd41cae0 DEOPT PACKING pc=0x0000027ed07ab8b1 sp=0x000000eee6afe370
Event: 1.462 Thread 0x0000027ecd41cae0 DEOPT UNPACKING pc=0x0000027ed7ac4242 sp=0x000000eee6afd7e8 mode 0
Event: 1.462 Thread 0x0000027ecd41cae0 DEOPT PACKING pc=0x0000027ed07ab8b1 sp=0x000000eee6afe370
Event: 1.462 Thread 0x0000027ecd41cae0 DEOPT UNPACKING pc=0x0000027ed7ac4242 sp=0x000000eee6afd7e8 mode 0
Event: 1.462 Thread 0x0000027ecd41cae0 DEOPT PACKING pc=0x0000027ed07ab8b1 sp=0x000000eee6afe370
Event: 1.462 Thread 0x0000027ecd41cae0 DEOPT UNPACKING pc=0x0000027ed7ac4242 sp=0x000000eee6afd7e8 mode 0
Event: 1.462 Thread 0x0000027ecd41cae0 DEOPT PACKING pc=0x0000027ed07ab8b1 sp=0x000000eee6afe370
Event: 1.462 Thread 0x0000027ecd41cae0 DEOPT UNPACKING pc=0x0000027ed7ac4242 sp=0x000000eee6afd7e8 mode 0
Event: 1.462 Thread 0x0000027ecd41cae0 DEOPT PACKING pc=0x0000027ed07ab8b1 sp=0x000000eee6afe370
Event: 1.462 Thread 0x0000027ecd41cae0 DEOPT UNPACKING pc=0x0000027ed7ac4242 sp=0x000000eee6afd7e8 mode 0
Event: 1.462 Thread 0x0000027ecd41cae0 DEOPT PACKING pc=0x0000027ed07ab8b1 sp=0x000000eee6afe370
Event: 1.462 Thread 0x0000027ecd41cae0 DEOPT UNPACKING pc=0x0000027ed7ac4242 sp=0x000000eee6afd7e8 mode 0
Event: 1.462 Thread 0x0000027ecd41cae0 DEOPT PACKING pc=0x0000027ed07ab8b1 sp=0x000000eee6afe370
Event: 1.462 Thread 0x0000027ecd41cae0 DEOPT UNPACKING pc=0x0000027ed7ac4242 sp=0x000000eee6afd7e8 mode 0
Event: 1.462 Thread 0x0000027ecd41cae0 DEOPT PACKING pc=0x0000027ed07ab8b1 sp=0x000000eee6afe370
Event: 1.462 Thread 0x0000027ecd41cae0 DEOPT UNPACKING pc=0x0000027ed7ac4242 sp=0x000000eee6afd7e8 mode 0
Event: 1.462 Thread 0x0000027ecd41cae0 DEOPT PACKING pc=0x0000027ed07ab8b1 sp=0x000000eee6afe370
Event: 1.462 Thread 0x0000027ecd41cae0 DEOPT UNPACKING pc=0x0000027ed7ac4242 sp=0x000000eee6afd7e8 mode 0

Classes loaded (20 events):
Event: 1.464 Loading class jdk/internal/logger/LazyLoggers$LazyLoggerAccessor
Event: 1.464 Loading class jdk/internal/logger/LazyLoggers$LoggerAccessor
Event: 1.464 Loading class jdk/internal/logger/LazyLoggers$LoggerAccessor done
Event: 1.464 Loading class jdk/internal/logger/LazyLoggers$LazyLoggerAccessor done
Event: 1.464 Loading class jdk/internal/logger/SurrogateLogger
Event: 1.464 Loading class jdk/internal/logger/SimpleConsoleLogger
Event: 1.464 Loading class sun/util/logging/PlatformLogger$ConfigurableBridge$LoggerConfiguration
Event: 1.464 Loading class sun/util/logging/PlatformLogger$ConfigurableBridge$LoggerConfiguration done
Event: 1.464 Loading class jdk/internal/logger/SimpleConsoleLogger done
Event: 1.464 Loading class jdk/internal/logger/SurrogateLogger done
Event: 1.464 Loading class sun/util/logging/PlatformLogger
Event: 1.465 Loading class sun/util/logging/PlatformLogger done
Event: 1.465 Loading class sun/util/logging/PlatformLogger$Level
Event: 1.465 Loading class sun/util/logging/PlatformLogger$Level done
Event: 1.469 Loading class java/io/BufferedReader
Event: 1.469 Loading class java/io/BufferedReader done
Event: 1.469 Loading class sun/nio/cs/StreamDecoder
Event: 1.469 Loading class sun/nio/cs/StreamDecoder done
Event: 1.469 Loading class sun/nio/cs/UTF_8$Decoder
Event: 1.469 Loading class sun/nio/cs/UTF_8$Decoder done

Classes unloaded (0 events):
No events

Classes redefined (0 events):
No events

Internal exceptions (20 events):
Event: 0.108 Thread 0x0000027ecd41cae0 Exception <a 'java/lang/NoSuchMethodError'{0x00000000d5a7a928}: 'int java.lang.invoke.DirectMethodHandle$Holder.invokeSpecial(java.lang.Object, java.lang.Object, java.lang.Object)'> (0x00000000d5a7a928) 
thrown [s\src\hotspot\share\interpreter\linkResolver.cpp, line 773]
Event: 0.109 Thread 0x0000027ecd41cae0 Exception <a 'java/lang/NoSuchMethodError'{0x00000000d5a865e8}: 'java.lang.Object java.lang.invoke.DirectMethodHandle$Holder.invokeStatic(java.lang.Object, java.lang.Object, int)'> (0x00000000d5a865e8) 
thrown [s\src\hotspot\share\interpreter\linkResolver.cpp, line 773]
Event: 0.110 Thread 0x0000027ecd41cae0 Exception <a 'java/lang/NoSuchMethodError'{0x00000000d5a8af38}: 'void java.lang.invoke.DirectMethodHandle$Holder.invokeStatic(java.lang.Object, java.lang.Object, int, java.lang.Object)'> (0x00000000d5a8af38) 
thrown [s\src\hotspot\share\interpreter\linkResolver.cpp, line 773]
Event: 0.110 Thread 0x0000027ecd41cae0 Exception <a 'java/lang/NoSuchMethodError'{0x00000000d5a8eac8}: 'void java.lang.invoke.DirectMethodHandle$Holder.invokeSpecial(java.lang.Object, java.lang.Object, java.lang.Object, int, java.lang.Object)'> (0x00000000d5a8eac8) 
thrown [s\src\hotspot\share\interpreter\linkResolver.cpp, line 773]
Event: 0.110 Thread 0x0000027ecd41cae0 Exception <a 'java/lang/NoSuchMethodError'{0x00000000d5b921e0}: 'void java.lang.invoke.DelegatingMethodHandle$Holder.delegate(java.lang.Object, java.lang.Object, int, java.lang.Object)'> (0x00000000d5b921e0) 
thrown [s\src\hotspot\share\interpreter\linkResolver.cpp, line 773]
Event: 0.139 Thread 0x0000027ecd41cae0 Exception <a 'java/lang/NoSuchMethodError'{0x00000000d5d531d8}: 'void java.lang.invoke.DelegatingMethodHandle$Holder.reinvoke_L(java.lang.Object, java.lang.Object, java.lang.Object, int)'> (0x00000000d5d531d8) 
thrown [s\src\hotspot\share\interpreter\linkResolver.cpp, line 773]
Event: 1.251 Thread 0x0000027ecd41cae0 Exception <a 'java/lang/NoSuchMethodError'{0x00000000d61dfd90}: 'void java.lang.invoke.DirectMethodHandle$Holder.invokeVirtual(java.lang.Object, java.lang.Object)'> (0x00000000d61dfd90) 
thrown [s\src\hotspot\share\interpreter\linkResolver.cpp, line 773]
Event: 1.335 Thread 0x0000027ecd41cae0 Exception <a 'java/lang/NoSuchMethodError'{0x00000000d65c6de8}: 'void java.lang.invoke.DirectMethodHandle$Holder.invokeStatic(java.lang.Object, java.lang.Object)'> (0x00000000d65c6de8) 
thrown [s\src\hotspot\share\interpreter\linkResolver.cpp, line 773]
Event: 1.339 Thread 0x0000027ecd41cae0 Exception <a 'java/lang/ClassNotFoundException'{0x00000000d65eeee0}: sun/net/www/protocol/c/Handler> (0x00000000d65eeee0) 
thrown [s\src\hotspot\share\classfile\systemDictionary.cpp, line 312]
Event: 1.353 Thread 0x0000027ecd41cae0 Exception <a 'java/io/FileNotFoundException'{0x00000000d664c980}> (0x00000000d664c980) 
thrown [s\src\hotspot\share\prims\jni.cpp, line 520]
Event: 1.353 Thread 0x0000027ecd41cae0 Exception <a 'java/io/FileNotFoundException'{0x00000000d664dca8}> (0x00000000d664dca8) 
thrown [s\src\hotspot\share\prims\jni.cpp, line 520]
Event: 1.353 Thread 0x0000027ecd41cae0 Exception <a 'java/io/FileNotFoundException'{0x00000000d664e920}> (0x00000000d664e920) 
thrown [s\src\hotspot\share\prims\jni.cpp, line 520]
Event: 1.353 Thread 0x0000027ecd41cae0 Exception <a 'java/io/FileNotFoundException'{0x00000000d664f460}> (0x00000000d664f460) 
thrown [s\src\hotspot\share\prims\jni.cpp, line 520]
Event: 1.355 Thread 0x0000027ecd41cae0 Implicit null exception at 0x0000027ed81ee4a4 to 0x0000027ed81eea48
Event: 1.357 Thread 0x0000027ecd41cae0 Exception <a 'java/io/FileNotFoundException'{0x00000000d66895f0}> (0x00000000d66895f0) 
thrown [s\src\hotspot\share\prims\jni.cpp, line 520]
Event: 1.365 Thread 0x0000027ecd41cae0 Exception <a 'java/lang/NoSuchMethodError'{0x00000000d66c5fb8}: 'java.lang.Object java.lang.invoke.DirectMethodHandle$Holder.invokeInterface(java.lang.Object, java.lang.Object)'> (0x00000000d66c5fb8) 
thrown [s\src\hotspot\share\interpreter\linkResolver.cpp, line 773]
Event: 1.366 Thread 0x0000027ecd41cae0 Exception <a 'java/lang/NoSuchMethodError'{0x00000000d66d9a28}: 'java.lang.Object java.lang.invoke.Invokers$Holder.invokeExact_MT(java.lang.Object, java.lang.Object, java.lang.Object, java.lang.Object, java.lang.Object, java.lang.Object)'> (0x00000000d66d9a28) 
thrown [s\src\hotspot\share\interpreter\linkResolver.cpp, line 773]
Event: 1.369 Thread 0x0000027ecd41cae0 Exception <a 'java/lang/NoSuchMethodError'{0x00000000d66f0b00}: 'int java.lang.invoke.DirectMethodHandle$Holder.invokeStatic(java.lang.Object, java.lang.Object, java.lang.Object, java.lang.Object, java.lang.Object)'> (0x00000000d66f0b00) 
thrown [s\src\hotspot\share\interpreter\linkResolver.cpp, line 773]
Event: 1.382 Thread 0x0000027ecd41cae0 Exception <a 'java/lang/NoSuchMethodError'{0x00000000d67844b8}: 'java.lang.Object java.lang.invoke.DirectMethodHandle$Holder.invokeInterface(java.lang.Object, java.lang.Object, int)'> (0x00000000d67844b8) 
thrown [s\src\hotspot\share\interpreter\linkResolver.cpp, line 773]
Event: 1.446 Thread 0x0000027ecd41cae0 Exception <a 'java/lang/NoSuchMethodError'{0x00000000d6c6d308}: 'java.lang.ClassLoader java.lang.ClassLoader.getPlatformClassLoader(java.lang.Class)'> (0x00000000d6c6d308) 
thrown [s\src\hotspot\share\interpreter\linkResolver.cpp, line 773]

ZGC Phase Switch (0 events):
No events

VM Operations (14 events):
Event: 0.045 Executing non-safepoint VM operation: HandshakeAllThreads (Deoptimize)
Event: 0.045 Executing non-safepoint VM operation: HandshakeAllThreads (Deoptimize) done
Event: 0.089 Executing non-safepoint VM operation: HandshakeAllThreads (Deoptimize)
Event: 0.089 Executing non-safepoint VM operation: HandshakeAllThreads (Deoptimize) done
Event: 1.098 Executing safepoint VM operation: Cleanup
Event: 1.217 Executing safepoint VM operation: Cleanup done
Event: 1.319 Executing non-safepoint VM operation: HandshakeAllThreads (Deoptimize)
Event: 1.319 Executing non-safepoint VM operation: HandshakeAllThreads (Deoptimize) done
Event: 1.332 Executing non-safepoint VM operation: HandshakeAllThreads (Deoptimize)
Event: 1.332 Executing non-safepoint VM operation: HandshakeAllThreads (Deoptimize) done
Event: 1.457 Executing safepoint VM operation: ParallelGCFailedAllocation (Allocation Failure)
Event: 1.460 Executing safepoint VM operation: ParallelGCFailedAllocation (Allocation Failure) done
Event: 2.471 Executing safepoint VM operation: Cleanup
Event: 2.471 Executing safepoint VM operation: Cleanup done

Memory protections (0 events):
No events

Nmethod flushes (0 events):
No events

Events (20 events):
Event: 0.025 Thread 0x0000027ecd41cae0 Thread added: 0x0000027ecd3ce310
Event: 0.025 Thread 0x0000027ecd41cae0 Thread added: 0x0000027ecd4c21f0
Event: 0.025 Thread 0x0000027ecd41cae0 Thread added: 0x0000027ecd4c7c20
Event: 0.025 Thread 0x0000027ecd41cae0 Thread added: 0x0000027ecd4cab20
Event: 0.025 Thread 0x0000027ecd41cae0 Thread added: 0x0000027ecd4cb800
Event: 0.026 Thread 0x0000027ecd41cae0 Thread added: 0x0000027ecd4d8030
Event: 0.026 Thread 0x0000027ecd41cae0 Thread added: 0x0000027ecd4d9590
Event: 0.026 Thread 0x0000027ecd41cae0 Thread added: 0x0000027ee51ac860
Event: 0.027 Thread 0x0000027ee51ac860 Thread added: 0x0000027ee524dd10
Event: 0.051 Thread 0x0000027ee524dd10 Thread added: 0x0000027ee5344520
Event: 0.061 Thread 0x0000027ecd41cae0 Thread added: 0x0000027ee5418ee0
Event: 0.085 Thread 0x0000027ee524dd10 Thread added: 0x0000027ee547ef10
Event: 0.085 Thread 0x0000027ee524dd10 Thread added: 0x0000027ee5474af0
Event: 0.187 Thread 0x0000027ecd41cae0 Thread added: 0x0000027eeb083050
Event: 1.219 Thread 0x0000027ee5344520 Thread exited: 0x0000027ee5344520
Event: 1.219 Thread 0x0000027ee547ef10 Thread exited: 0x0000027ee547ef10
Event: 1.219 Thread 0x0000027ee5474af0 Thread exited: 0x0000027ee5474af0
Event: 1.273 Thread 0x0000027ee51ac860 Thread added: 0x0000027eeb03fab0
Event: 1.406 Thread 0x0000027ee51ac860 Thread added: 0x0000027eeb04d200
Event: 1.407 Thread 0x0000027ee51ac860 Thread added: 0x0000027eeb4e7e30


Dynamic libraries:
0x00007ff6ce200000 - 0x00007ff6ce20e000 	c:\Users\navee\.vscode\extensions\redhat.java-1.54.0-win32-x64\jre\21.0.10-win32-x86_64\bin\java.exe
0x00007ffe264c0000 - 0x00007ffe26727000 	C:\WINDOWS\SYSTEM32\ntdll.dll
0x00007ffe25df0000 - 0x00007ffe25eb9000 	C:\WINDOWS\System32\KERNEL32.DLL
0x00007ffe23c50000 - 0x00007ffe24041000 	C:\WINDOWS\System32\KERNELBASE.dll
0x00007ffe24050000 - 0x00007ffe2419b000 	C:\WINDOWS\System32\ucrtbase.dll
0x00007ffde9200000 - 0x00007ffde9218000 	c:\Users\navee\.vscode\extensions\redhat.java-1.54.0-win32-x64\jre\21.0.10-win32-x86_64\bin\jli.dll
0x00007ffde76d0000 - 0x00007ffde76ee000 	c:\Users\navee\.vscode\extensions\redhat.java-1.54.0-win32-x64\jre\21.0.10-win32-x86_64\bin\VCRUNTIME140.dll
0x00007ffe25110000 - 0x00007ffe252d5000 	C:\WINDOWS\System32\USER32.dll
0x00007ffe025b0000 - 0x00007ffe02843000 	C:\WINDOWS\WinSxS\amd64_microsoft.windows.common-controls_6595b64144ccf1df_6.0.26100.8037_none_3e092faae333b53b\COMCTL32.dll
0x00007ffe23120000 - 0x00007ffe23147000 	C:\WINDOWS\System32\win32u.dll
0x00007ffe24fe0000 - 0x00007ffe25089000 	C:\WINDOWS\System32\msvcrt.dll
0x00007ffe25fa0000 - 0x00007ffe25fcb000 	C:\WINDOWS\System32\GDI32.dll
0x00007ffe232b0000 - 0x00007ffe233db000 	C:\WINDOWS\System32\gdi32full.dll
0x00007ffe23150000 - 0x00007ffe231f3000 	C:\WINDOWS\System32\msvcp_win.dll
0x00007ffe26140000 - 0x00007ffe26171000 	C:\WINDOWS\System32\IMM32.DLL
0x00007ffe0b280000 - 0x00007ffe0b28c000 	c:\Users\navee\.vscode\extensions\redhat.java-1.54.0-win32-x64\jre\21.0.10-win32-x86_64\bin\vcruntime140_1.dll
0x00007ffdac740000 - 0x00007ffdac7cd000 	c:\Users\navee\.vscode\extensions\redhat.java-1.54.0-win32-x64\jre\21.0.10-win32-x86_64\bin\msvcp140.dll
0x00007ffd5b0e0000 - 0x00007ffd5be81000 	c:\Users\navee\.vscode\extensions\redhat.java-1.54.0-win32-x64\jre\21.0.10-win32-x86_64\bin\server\jvm.dll
0x00007ffe24b70000 - 0x00007ffe24c2b000 	C:\WINDOWS\System32\ADVAPI32.dll
0x00007ffe25420000 - 0x00007ffe254c7000 	C:\WINDOWS\System32\sechost.dll
0x00007ffe25300000 - 0x00007ffe25418000 	C:\WINDOWS\System32\RPCRT4.dll
0x00007ffe25090000 - 0x00007ffe25104000 	C:\WINDOWS\System32\WS2_32.dll
0x00007ffe1ff60000 - 0x00007ffe1ff95000 	C:\WINDOWS\SYSTEM32\WINMM.dll
0x00007ffe1a3c0000 - 0x00007ffe1a3cb000 	C:\WINDOWS\SYSTEM32\VERSION.dll
0x00007ffe219a0000 - 0x00007ffe219fe000 	C:\WINDOWS\SYSTEM32\POWRPROF.dll
0x00007ffe21980000 - 0x00007ffe21994000 	C:\WINDOWS\SYSTEM32\UMPDC.dll
0x00007ffe21c50000 - 0x00007ffe21c6b000 	C:\WINDOWS\SYSTEM32\kernel.appcore.dll
0x00007ffe01b00000 - 0x00007ffe01b0a000 	c:\Users\navee\.vscode\extensions\redhat.java-1.54.0-win32-x64\jre\21.0.10-win32-x86_64\bin\jimage.dll
0x00007ffe20dc0000 - 0x00007ffe21002000 	C:\WINDOWS\SYSTEM32\DBGHELP.DLL
0x00007ffe24c30000 - 0x00007ffe24fb2000 	C:\WINDOWS\System32\combase.dll
0x00007ffe254e0000 - 0x00007ffe255b7000 	C:\WINDOWS\System32\OLEAUT32.dll
0x00007ffdfbe90000 - 0x00007ffdfbecb000 	C:\WINDOWS\SYSTEM32\dbgcore.DLL
0x00007ffe23200000 - 0x00007ffe232a5000 	C:\WINDOWS\System32\bcryptPrimitives.dll
0x00007ffe01130000 - 0x00007ffe0113f000 	c:\Users\navee\.vscode\extensions\redhat.java-1.54.0-win32-x64\jre\21.0.10-win32-x86_64\bin\instrument.dll
0x00007ffde75e0000 - 0x00007ffde7600000 	c:\Users\navee\.vscode\extensions\redhat.java-1.54.0-win32-x64\jre\21.0.10-win32-x86_64\bin\java.dll
0x00007ffe255c0000 - 0x00007ffe25d1f000 	C:\WINDOWS\System32\SHELL32.dll
0x00007ffe22da0000 - 0x00007ffe22f0a000 	C:\WINDOWS\System32\wintypes.dll
0x00007ffe233e0000 - 0x00007ffe23c44000 	C:\WINDOWS\System32\windows.storage.dll
0x00007ffe26180000 - 0x00007ffe26277000 	C:\WINDOWS\System32\SHCORE.dll
0x00007ffe26410000 - 0x00007ffe26477000 	C:\WINDOWS\System32\shlwapi.dll
0x00007ffe22cc0000 - 0x00007ffe22ce9000 	C:\WINDOWS\SYSTEM32\profapi.dll
0x00007ffde73a0000 - 0x00007ffde73b8000 	c:\Users\navee\.vscode\extensions\redhat.java-1.54.0-win32-x64\jre\21.0.10-win32-x86_64\bin\zip.dll
0x00007ffe00ef0000 - 0x00007ffe00f00000 	C:\Users\navee\.vscode\extensions\redhat.java-1.54.0-win32-x64\jre\21.0.10-win32-x86_64\bin\net.dll
0x00007ffe1ce00000 - 0x00007ffe1cf27000 	C:\WINDOWS\SYSTEM32\WINHTTP.dll
0x00007ffe221c0000 - 0x00007ffe2222b000 	C:\WINDOWS\system32\mswsock.dll
0x00007ffde1120000 - 0x00007ffde1136000 	C:\Users\navee\.vscode\extensions\redhat.java-1.54.0-win32-x64\jre\21.0.10-win32-x86_64\bin\nio.dll
0x00007ffdea0f0000 - 0x00007ffdea100000 	c:\Users\navee\.vscode\extensions\redhat.java-1.54.0-win32-x64\jre\21.0.10-win32-x86_64\bin\verify.dll

JVMTI agents:
c:\Users\navee\.vscode\extensions\redhat.java-1.54.0-win32-x64\lombok\lombok-1.18.39-4050.jar path:c:\Users\navee\.vscode\extensions\redhat.java-1.54.0-win32-x64\jre\21.0.10-win32-x86_64\bin\instrument.dll, loaded, initialized, instrumentlib options:none

dbghelp: loaded successfully - version: 4.0.5 - missing functions: none
symbol engine: initialized successfully - sym options: 0x614 - pdb path: .;c:\Users\navee\.vscode\extensions\redhat.java-1.54.0-win32-x64\jre\21.0.10-win32-x86_64\bin;C:\WINDOWS\SYSTEM32;C:\WINDOWS\WinSxS\amd64_microsoft.windows.common-controls_6595b64144ccf1df_6.0.26100.8037_none_3e092faae333b53b;c:\Users\navee\.vscode\extensions\redhat.java-1.54.0-win32-x64\jre\21.0.10-win32-x86_64\bin\server

VM Arguments:
jvm_args: --add-modules=ALL-SYSTEM --add-opens=java.base/java.util=ALL-UNNAMED --add-opens=java.base/java.lang=ALL-UNNAMED --add-opens=java.base/sun.nio.fs=ALL-UNNAMED -Declipse.application=org.eclipse.jdt.ls.core.id1 -Dosgi.bundles.defaultStartLevel=4 -Declipse.product=org.eclipse.jdt.ls.core.product -Djava.import.generatesMetadataFilesAtProjectRoot=false -DDetectVMInstallationsJob.disabled=true -Dfile.encoding=utf8 -XX:+UseParallelGC -XX:GCTimeRatio=4 -XX:AdaptiveSizePolicyWeight=90 -Dsun.zip.disableMemoryMapping=true -Xmx2G -Xms100m -Xlog:disable -javaagent:c:\Users\navee\.vscode\extensions\redhat.java-1.54.0-win32-x64\lombok\lombok-1.18.39-4050.jar 
java_command: c:\Users\navee\.vscode\extensions\redhat.java-1.54.0-win32-x64\server\plugins\org.eclipse.equinox.launcher_1.7.100.v20251111-0406.jar -configuration c:\Users\navee\AppData\Roaming\Code\User\globalStorage\redhat.java\1.54.0\config_ss_win -data c:\Users\navee\AppData\Roaming\Code\User\workspaceStorage\2b67f61195c9dd9014b9c22de8bfdfcd\redhat.java\ss_ws --pipe=\\.\pipe\lsp-ed5d2077eb4b716e558b8f3770eeb205-sock
java_class_path (initial): c:\Users\navee\.vscode\extensions\redhat.java-1.54.0-win32-x64\server\plugins\org.eclipse.equinox.launcher_1.7.100.v20251111-0406.jar
Launcher Type: SUN_STANDARD

[Global flags]
    uintx AdaptiveSizePolicyWeight                 = 90                                        {product} {command line}
     intx CICompilerCount                          = 12                                        {product} {ergonomic}
    uintx GCTimeRatio                              = 4                                         {product} {command line}
   size_t InitialHeapSize                          = 104857600                                 {product} {command line}
   size_t MaxHeapSize                              = 2147483648                                {product} {command line}
   size_t MaxNewSize                               = 715653120                                 {product} {ergonomic}
   size_t MinHeapDeltaBytes                        = 524288                                    {product} {ergonomic}
   size_t MinHeapSize                              = 104857600                                 {product} {command line}
   size_t NewSize                                  = 34603008                                  {product} {ergonomic}
    uintx NonNMethodCodeHeapSize                   = 7602480                                {pd product} {ergonomic}
    uintx NonProfiledCodeHeapSize                  = 122027880                              {pd product} {ergonomic}
   size_t OldSize                                  = 70254592                                  {product} {ergonomic}
    uintx ProfiledCodeHeapSize                     = 122027880                              {pd product} {ergonomic}
    uintx ReservedCodeCacheSize                    = 251658240                              {pd product} {ergonomic}
     bool SegmentedCodeCache                       = true                                      {product} {ergonomic}
   size_t SoftMaxHeapSize                          = 2147483648                             {manageable} {ergonomic}
     bool UseCompressedOops                        = true                           {product lp64_product} {ergonomic}
     bool UseLargePagesIndividualAllocation        = false                                  {pd product} {ergonomic}
     bool UseParallelGC                            = true                                      {product} {command line}

Logging:
Log output configuration:
 #0: stdout all=off uptime,level,tags foldmultilines=false
 #1: stderr all=off uptime,level,tags foldmultilines=false

Release file:
JAVA_VERSION="21.0.10" 
MODULES="java.base java.compiler java.datatransfer java.xml java.prefs java.desktop java.instrument java.logging java.management java.security.sasl java.naming java.rmi java.management.rmi java.net.http java.scripting java.security.jgss java.transaction.xa java.sql java.sql.rowset java.xml.crypto java.se java.smartcardio jdk.accessibility jdk.internal.jvmstat jdk.attach jdk.charsets jdk.internal.opt jdk.zipfs jdk.compiler jdk.crypto.ec jdk.crypto.cryptoki jdk.crypto.mscapi jdk.dynalink jdk.internal.ed jdk.editpad jdk.hotspot.agent jdk.httpserver jdk.internal.le jdk.internal.vm.ci jdk.internal.vm.compiler jdk.internal.vm.compiler.management jdk.jartool jdk.javadoc jdk.jcmd jdk.management jdk.management.agent jdk.jconsole jdk.jdeps jdk.jdwp.agent jdk.jdi jdk.jfr jdk.jshell jdk.jsobject jdk.jstatd jdk.localedata jdk.management.jfr jdk.naming.dns jdk.naming.rmi jdk.net jdk.nio.mapmode jdk.random jdk.sctp jdk.security.auth jdk.security.jgss jdk.unsupported jdk.unsupported.desktop jdk.xml.dom" 

Environment Variables:
PATH=C:\Users\navee\AppData\Local\Programs\Microsoft VS Code;C:\Program Files\Common Files\Oracle\Java\javapath;C:\WINDOWS\system32;C:\WINDOWS;C:\WINDOWS\System32\Wbem;C:\WINDOWS\System32\WindowsPowerShell\v1.0\;C:\WINDOWS\System32\OpenSSH\;C:\Program Files\dotnet\;C:\Program Files (x86)\NVIDIA Corporation\PhysX\Common;C:\Program Files\NVIDIA Corporation\NVIDIA NvDLISR;C:\ProgramData\chocolatey\bin;C:\Program Files\nodejs\;C:\Program Files\nodejs\node_modules\npm\bin;C:\Program Files\Git\cmd;C:\Program Files\apache-maven-3.9.15\bin;C:\Users\navee\AppData\Local\Programs\Python\Python310\Scripts\;C:\Users\navee\AppData\Local\Programs\Python\Python310\;C:\Program Files\MySQL\MySQL Shell 8.0\bin\;C:\Users\navee\AppData\Local\Microsoft\WindowsApps;C:\Users\navee\AppData\Local\Programs\Microsoft VS Code\bin;C:\Users\navee\AppData\Roaming\npm;C:\Program Files\nodejs\node_modules\npm\bin;C:\Program Files\MySQL\MySQL Server 8.0\bin;C:\Users\navee\AppData\Local\Programs\Antigravity\bin
USERNAME=navee
OS=Windows_NT
PROCESSOR_IDENTIFIER=Intel64 Family 6 Model 183 Stepping 1, GenuineIntel
TMP=C:\Users\navee\AppData\Local\Temp
TEMP=C:\Users\navee\AppData\Local\Temp




Periodic native trim disabled

---------------  S Y S T E M  ---------------

OS:
 Windows 11 , 64 bit Build 26100 (10.0.26100.7920)
OS uptime: 8 days 8:24 hours
Hyper-V role detected

CPU: total 16 (initial active 16) (8 cores per cpu, 2 threads per core) family 6 model 183 stepping 1 microcode 0x133, cx8, cmov, fxsr, ht, mmx, 3dnowpref, sse, sse2, sse3, ssse3, sse4.1, sse4.2, popcnt, lzcnt, tsc, tscinvbit, avx, avx2, aes, erms, clmul, bmi1, bmi2, adx, sha, fma, vzeroupper, clflush, clflushopt, clwb, hv, serialize, rdtscp, rdpid, fsrm, f16c, cet_ibt, cet_ss
Processor Information for processor 0
  Max Mhz: 2400, Current Mhz: 2400, Mhz Limit: 2400
Processor Information for processor 1
  Max Mhz: 2400, Current Mhz: 2400, Mhz Limit: 2400
Processor Information for processor 2
  Max Mhz: 2400, Current Mhz: 2400, Mhz Limit: 2400
Processor Information for processor 3
  Max Mhz: 2400, Current Mhz: 2400, Mhz Limit: 2400
Processor Information for processor 4
  Max Mhz: 2400, Current Mhz: 2400, Mhz Limit: 2400
Processor Information for processor 5
  Max Mhz: 2400, Current Mhz: 2400, Mhz Limit: 2400
Processor Information for processor 6
  Max Mhz: 2400, Current Mhz: 2400, Mhz Limit: 2400
Processor Information for processor 7
  Max Mhz: 2400, Current Mhz: 2400, Mhz Limit: 2400
Processor Information for processor 8
  Max Mhz: 2400, Current Mhz: 2400, Mhz Limit: 2400
Processor Information for processor 9
  Max Mhz: 2400, Current Mhz: 2400, Mhz Limit: 2400
Processor Information for processor 10
  Max Mhz: 2400, Current Mhz: 2400, Mhz Limit: 2400
Processor Information for processor 11
  Max Mhz: 2400, Current Mhz: 2400, Mhz Limit: 2400
Processor Information for processor 12
  Max Mhz: 2400, Current Mhz: 2400, Mhz Limit: 2400
Processor Information for processor 13
  Max Mhz: 2400, Current Mhz: 2400, Mhz Limit: 2400
Processor Information for processor 14
  Max Mhz: 2400, Current Mhz: 2400, Mhz Limit: 2400
Processor Information for processor 15
  Max Mhz: 2400, Current Mhz: 1466, Mhz Limit: 2400

Memory: 4k page, system-wide physical 7876M (503M free)
TotalPageFile size 27196M (AvailPageFile size 9M)
current process WorkingSet (physical memory assigned to process): 82M, peak: 82M
current process commit charge ("private bytes"): 253M, peak: 253M

vm_info: OpenJDK 64-Bit Server VM (21.0.10+7-LTS) for windows-amd64 JRE (21.0.10+7-LTS), built on 2026-01-20T00:00:00Z by "admin" with MS VC++ 17.12 (VS2022)

END.
